// Jest Snapshot v1, https://goo.gl/fbAQLP

exports[`[object Object] 1`] = `undefined`;

exports[`Testing SchoolData component renders correctly 1`] = `
<View
  style={
    Object {
      "backgroundColor": "#FAFAFA",
      "borderColor": "black",
      "borderRadius": 3,
      "borderWidth": 1,
      "flex": 1,
      "justifyContent": "space-between",
      "marginHorizontal": 15,
      "marginVertical": 10,
    }
  }
>
  <View
    style={
      Object {
        "justifyContent": "flex-start",
        "paddingLeft": 2,
      }
    }
  >
    <Text
      accessible={true}
      allowFontScaling={true}
      disabled={false}
      ellipsizeMode="tail"
      style={
        Object {
          "fontWeight": "bold",
          "justifyContent": "center",
          "marginHorizontal": 15,
          "marginVertical": 10,
          "textAlign": "center",
        }
      }
    >
      ESCOLA SELECIONADA
    </Text>
    <Text
      accessible={true}
      allowFontScaling={true}
      disabled={false}
      ellipsizeMode="tail"
      style={
        Object {
          "fontSize": 15,
          "paddingVertical": 5,
        }
      }
    >
      <Text
        accessible={true}
        allowFontScaling={true}
        disabled={false}
        ellipsizeMode="tail"
        style={
          Object {
            "fontWeight": "bold",
          }
        }
      >
        Nome da escola: 
      </Text>
    </Text>
    <Text
      accessible={true}
      allowFontScaling={true}
      disabled={false}
      ellipsizeMode="tail"
      style={
        Object {
          "fontSize": 15,
          "paddingVertical": 5,
        }
      }
    >
      <Text
        accessible={true}
        allowFontScaling={true}
        disabled={false}
        ellipsizeMode="tail"
        style={
          Object {
            "fontWeight": "bold",
          }
        }
      >
        Email: 
      </Text>
    </Text>
    <Text
      accessible={true}
      allowFontScaling={true}
      disabled={false}
      ellipsizeMode="tail"
      style={
        Object {
          "fontSize": 15,
          "paddingVertical": 5,
        }
      }
    >
      <Text
        accessible={true}
        allowFontScaling={true}
        disabled={false}
        ellipsizeMode="tail"
        style={
          Object {
            "fontWeight": "bold",
          }
        }
      >
        Telefone: 
      </Text>
    </Text>
  </View>
</View>
`;
