// Jest Snapshot v1, https://goo.gl/fbAQLP

exports[`[object Object] 1`] = `undefined`;

exports[`Testing SchoolData component renders correctly 1`] = `
ShallowWrapper {
  "length": 1,
  Symbol(enzyme.__root__): [Circular],
  Symbol(enzyme.__unrendered__): <SchoolData />,
  Symbol(enzyme.__renderer__): Object {
    "batchedUpdates": [Function],
    "getNode": [Function],
    "render": [Function],
    "simulateEvent": [Function],
    "unmount": [Function],
  },
  Symbol(enzyme.__node__): Object {
    "instance": null,
    "key": null,
    "nodeType": "class",
    "props": Object {
      "children": Array [
        <Text
          accessible={true}
          allowFontScaling={true}
          disabled={false}
          ellipsizeMode="tail"
        >
          Nome Escola: 
        </Text>,
        <Text
          accessible={true}
          allowFontScaling={true}
          disabled={false}
          ellipsizeMode="tail"
        >
          Email: 
        </Text>,
        <Text
          accessible={true}
          allowFontScaling={true}
          disabled={false}
          ellipsizeMode="tail"
        >
          Telefone: 
        </Text>,
      ],
    },
    "ref": null,
    "rendered": Array [
      Object {
        "instance": null,
        "key": null,
        "nodeType": "class",
        "props": Object {
          "accessible": true,
          "allowFontScaling": true,
          "children": Array [
            "Nome Escola: ",
            undefined,
          ],
          "disabled": false,
          "ellipsizeMode": "tail",
        },
        "ref": null,
        "rendered": Array [
          "Nome Escola: ",
          undefined,
        ],
        "type": [Function],
      },
      Object {
        "instance": null,
        "key": null,
        "nodeType": "class",
        "props": Object {
          "accessible": true,
          "allowFontScaling": true,
          "children": Array [
            "Email: ",
            undefined,
          ],
          "disabled": false,
          "ellipsizeMode": "tail",
        },
        "ref": null,
        "rendered": Array [
          "Email: ",
          undefined,
        ],
        "type": [Function],
      },
      Object {
        "instance": null,
        "key": null,
        "nodeType": "class",
        "props": Object {
          "accessible": true,
          "allowFontScaling": true,
          "children": Array [
            "Telefone: ",
            undefined,
          ],
          "disabled": false,
          "ellipsizeMode": "tail",
        },
        "ref": null,
        "rendered": Array [
          "Telefone: ",
          undefined,
        ],
        "type": [Function],
      },
    ],
    "type": [Function],
  },
  Symbol(enzyme.__nodes__): Array [
    Object {
      "instance": null,
      "key": null,
      "nodeType": "class",
      "props": Object {
        "children": Array [
          <Text
            accessible={true}
            allowFontScaling={true}
            disabled={false}
            ellipsizeMode="tail"
          >
            Nome Escola: 
          </Text>,
          <Text
            accessible={true}
            allowFontScaling={true}
            disabled={false}
            ellipsizeMode="tail"
          >
            Email: 
          </Text>,
          <Text
            accessible={true}
            allowFontScaling={true}
            disabled={false}
            ellipsizeMode="tail"
          >
            Telefone: 
          </Text>,
        ],
      },
      "ref": null,
      "rendered": Array [
        Object {
          "instance": null,
          "key": null,
          "nodeType": "class",
          "props": Object {
            "accessible": true,
            "allowFontScaling": true,
            "children": Array [
              "Nome Escola: ",
              undefined,
            ],
            "disabled": false,
            "ellipsizeMode": "tail",
          },
          "ref": null,
          "rendered": Array [
            "Nome Escola: ",
            undefined,
          ],
          "type": [Function],
        },
        Object {
          "instance": null,
          "key": null,
          "nodeType": "class",
          "props": Object {
            "accessible": true,
            "allowFontScaling": true,
            "children": Array [
              "Email: ",
              undefined,
            ],
            "disabled": false,
            "ellipsizeMode": "tail",
          },
          "ref": null,
          "rendered": Array [
            "Email: ",
            undefined,
          ],
          "type": [Function],
        },
        Object {
          "instance": null,
          "key": null,
          "nodeType": "class",
          "props": Object {
            "accessible": true,
            "allowFontScaling": true,
            "children": Array [
              "Telefone: ",
              undefined,
            ],
            "disabled": false,
            "ellipsizeMode": "tail",
          },
          "ref": null,
          "rendered": Array [
            "Telefone: ",
            undefined,
          ],
          "type": [Function],
        },
      ],
      "type": [Function],
    },
  ],
  Symbol(enzyme.__options__): Object {
    "adapter": ReactSixteenAdapter {
      "options": Object {
        "enableComponentDidUpdateOnSetState": true,
      },
    },
  },
}
`;
