// Jest Snapshot v1, https://goo.gl/fbAQLP

exports[`[object Object] 1`] = `undefined`;

exports[`Testing SchoolData component renders correctly 1`] = `
<View>
  <Text
    accessible={true}
    allowFontScaling={true}
    disabled={false}
    ellipsizeMode="tail"
  >
    Nome Escola: 
  </Text>
  <Text
    accessible={true}
    allowFontScaling={true}
    disabled={false}
    ellipsizeMode="tail"
  >
    Email: 
  </Text>
  <Text
    accessible={true}
    allowFontScaling={true}
    disabled={false}
    ellipsizeMode="tail"
  >
    Telefone: 
  </Text>
</View>
`;
