// Jest Snapshot v1, https://goo.gl/fbAQLP

exports[`Testing LawNumber12982Screen renders as expected 1`] = `
<View
  style={
    Object {
      "backgroundColor": "white",
      "flex": 1,
    }
  }
>
  <Header
    backButton={false}
    onPress={[Function]}
    subTitle="Lei Nº 12.982"
    title="Legislação"
  />
  <View
    style={
      Object {
        "flexDirection": "row",
        "justifyContent": "center",
        "marginBottom": 10,
      }
    }
  >
    <Text
      accessible={true}
      allowFontScaling={true}
      disabled={false}
      ellipsizeMode="tail"
      style={
        Object {
          "fontSize": 14,
          "fontWeight": "500",
          "padding": 10,
        }
      }
    >
      Selecionar:
    </Text>
    <TouchableHighlight
      activeOpacity={0.85}
      key="Capitulo I"
      onPress={[Function]}
      underlayColor="black"
    >
      <View
        style={
          Object {
            "backgroundColor": "#F5FCFF",
            "padding": 10,
          }
        }
      >
        <Text
          accessible={true}
          allowFontScaling={true}
          disabled={false}
          ellipsizeMode="tail"
          style={false}
        >
          Capitulo I
        </Text>
      </View>
    </TouchableHighlight>
  </View>
  <ScrollViewMock>
    <Text
      accessible={true}
      allowFontScaling={true}
      disabled={false}
      ellipsizeMode="tail"
      style={
        Object {
          "fontSize": 22,
          "fontWeight": "300",
          "marginBottom": 20,
          "textAlign": "center",
        }
      }
    >
      LEI Nº 12.982, DE 28 DE MAIO DE 2014
 
    </Text>
    <Accordion
      activeSection={false}
      duration={400}
      onChange={[Function]}
      renderContent={[Function]}
      renderHeader={[Function]}
      sections={
        Array [
          Object {
            "content": "
Altera a Lei nº 11.947, de 16 de junho de 2009, para determinar o provimento de alimentação escolar adequada aos alunos portadores de estado ou de condição de saúde específica.
 
A PRESIDENTA DA REPÚBLICA
 
Faço saber que o Congresso Nacional decreta e eu sanciono a seguinte Lei:
 
Art. 1º O art. 12 da Lei nº 11.947, de 16 de junho de 2009, passa a vigorar acrescido do seguinte § 2º, renumerando-se o atual parágrafo único para § 1º:
 
\\"Art. 12. ____________________________________________________________________________________
 
§ 1º ___________________________________________________________________________________________
 
§ 2º Para os alunos que necessitem de atenção nutricional individualizada em virtude de estado ou de condição de saúde específica, será elaborado cardápio especial com base em recomendações médicas e nutricionais, avaliação nutricional e demandas nutricionais diferenciadas, conforme regulamento.\\" (NR)
 
Art. 2º Esta Lei entra em vigor após decorridos 90 (noventa) dias de sua publicação oficial.
 
Brasília, 28 de maio de 2014; 193º da Independência e 126º da República.
 
DILMA ROUSSEFF
 
José Henrique Paim Fernandes
 
Arthur Chioro
 
D.O.U., 29/05/2014 - Seção 1
 ",
            "title": "Capitulo I",
          },
        ]
      }
      touchableComponent={[Function]}
      underlayColor="black"
    />
  </ScrollViewMock>
</View>
`;
