// Jest Snapshot v1, https://goo.gl/fbAQLP

exports[`Testing LoginPresidente renders as expected 1`] = `
<View
  style={
    Object {
      "flex": 1,
    }
  }
>
  <Header
    backButton={false}
    subTitle=""
    title="Merenda +"
  />
  <View
    style={
      Object {
        "alignItems": "center",
        "backgroundColor": "white",
        "flex": 6,
        "justifyContent": "center",
      }
    }
  >
    <View
      style={
        Object {
          "alignItems": "center",
          "backgroundColor": "#FAFAFA",
          "borderColor": "gray",
          "borderRadius": 7,
          "borderWidth": 1,
          "flexDirection": "row",
          "justifyContent": "center",
          "paddingLeft": 2,
          "paddingRight": 4,
        }
      }
    >
      <Icon
        allowFontScaling={false}
        color="black"
        name="email"
        size={32}
        style={
          Object {
            "height": 30,
            "margin": 5,
            "width": 30,
          }
        }
      />
      <TextInput
        keyboardType="email-address"
        onChangeText={[Function]}
        onSubmitEditing={[Function]}
        placeholder="Email"
        returnKeyType="next"
        underlineColorAndroid="transparent"
        width={280}
      />
    </View>
    <View
      style={
        Object {
          "backgroundColor": "#FAFAFA",
          "borderColor": "gray",
          "borderRadius": 7,
          "borderWidth": 1,
          "flexDirection": "row",
          "justifyContent": "space-between",
          "marginTop": 30,
          "paddingLeft": 2,
          "paddingRight": 4,
        }
      }
    >
      <Icon
        allowFontScaling={false}
        color="black"
        name="lock"
        size={32}
        style={
          Object {
            "height": 30,
            "margin": 5,
            "width": 30,
          }
        }
      />
      <TextInput
        onChangeText={[Function]}
        placeholder="Senha"
        returnKeyType="go"
        secureTextEntry={true}
        underlineColorAndroid="transparent"
        width={280}
      />
    </View>
    <TouchableOpacity
      activeOpacity={0.7}
      onPress={[Function]}
      style={
        Object {
          "backgroundColor": "#FF9500",
          "borderRadius": 8,
          "borderWidth": 1,
          "marginBottom": 0,
          "marginTop": 50,
          "paddingHorizontal": 133,
          "paddingVertical": 18,
        }
      }
    >
      <Text
        accessible={true}
        allowFontScaling={true}
        disabled={false}
        ellipsizeMode="tail"
        style={
          Object {
            "color": "white",
            "fontSize": 20,
          }
        }
      >
        Entrar
      </Text>
    </TouchableOpacity>
    <TouchableOpacity
      activeOpacity={0.6}
      onPress={[Function]}
    >
      <Text
        accessible={true}
        allowFontScaling={true}
        disabled={false}
        ellipsizeMode="tail"
        style={
          Object {
            "marginTop": 30,
          }
        }
      >
        É um conselheiro?
        <Text
          accessible={true}
          allowFontScaling={true}
          disabled={false}
          ellipsizeMode="tail"
          style={
            Object {
              "color": "blue",
            }
          }
        >
          Clique aqui
        </Text>
      </Text>
    </TouchableOpacity>
  </View>
  <View
    style={
      Object {
        "alignItems": "center",
        "borderTopColor": "#a9a9a9",
        "borderTopWidth": 1,
        "flex": 0.7,
        "justifyContent": "center",
      }
    }
  >
    <TouchableOpacity
      activeOpacity={0.6}
      onPress={[Function]}
    >
      <Text
        accessible={true}
        allowFontScaling={true}
        disabled={false}
        ellipsizeMode="tail"
      >
        Ainda não se cadastrou?
        <Text
          accessible={true}
          allowFontScaling={true}
          disabled={false}
          ellipsizeMode="tail"
          style={
            Object {
              "color": "blue",
            }
          }
        >
           Cadastrar-se
        </Text>
      </Text>
    </TouchableOpacity>
  </View>
</View>
`;
