// Jest Snapshot v1, https://goo.gl/fbAQLP

exports[`Testing MainReports Screen renders as expected 1`] = `
<View
  style={
    Object {
      "backgroundColor": "white",
      "flex": 1,
    }
  }
>
  <Header
    backButton={false}
    onPress={[Function]}
    subTitle=""
    title="Listas de verificação"
  />
  <ScrollViewMock>
    <View>
      <GoToChecklistClickableText
        goToChecklistKey="Arredores da Escola"
        goToChecklistText="Arredores da Escola"
        onPress={[Function]}
      />
      <GoToChecklistClickableText
        goToChecklistKey="Estoque de Alimentos"
        goToChecklistText="Estoque de Alimentos"
        onPress={[Function]}
      />
      <GoToChecklistClickableText
        goToChecklistKey="Documentação"
        goToChecklistText="Documentação"
        onPress={[Function]}
      />
      <GoToChecklistClickableText
        goToChecklistKey="Qualidade de Alimento"
        goToChecklistText="Qualidade de Alimento"
        onPress={[Function]}
      />
      <GoToChecklistClickableText
        goToChecklistKey="Manipuladores de Alimentos"
        goToChecklistText="Manipuladores de Alimentos"
        onPress={[Function]}
      />
      <GoToChecklistClickableText
        goToChecklistKey="Refeitório"
        goToChecklistText="Refeitório"
        onPress={[Function]}
      />
      <GoToChecklistClickableText
        goToChecklistKey="Abastecimento de Água e Esgoto"
        goToChecklistText="Abastecimento de Água e Esgoto"
        onPress={[Function]}
      />
      <GoToChecklistClickableText
        goToChecklistKey="Cozinha"
        goToChecklistText="Cozinha"
        onPress={[Function]}
      />
      <GoToChecklistClickableText
        goToChecklistKey="Preparação e Distribuição de Alimentos"
        goToChecklistText="Preparação e Distribuição de Alimentos"
        onPress={[Function]}
      />
      <GoToChecklistClickableText
        goToChecklistKey="+ Outras observações"
        goToChecklistText="+ Outras observações"
        onPress={[Function]}
      />
      <TouchableOpacity
        activeOpacity={0.7}
        style={
          Object {
            "backgroundColor": "#FF9500",
            "borderRadius": 7,
            "borderWidth": 1,
            "justifyContent": "flex-end",
            "marginHorizontal": 15,
            "marginVertical": 13,
            "paddingVertical": 15,
          }
        }
      >
        <Text
          accessible={true}
          allowFontScaling={true}
          disabled={false}
          ellipsizeMode="tail"
          style={
            Object {
              "color": "#FFF",
              "textAlign": "center",
            }
          }
        >
          Anexar fotos
        </Text>
      </TouchableOpacity>
      <TouchableOpacity
        activeOpacity={0.7}
        style={
          Object {
            "backgroundColor": "#FF9500",
            "borderRadius": 7,
            "borderWidth": 1,
            "justifyContent": "flex-end",
            "marginHorizontal": 15,
            "marginVertical": 13,
            "paddingVertical": 15,
          }
        }
      >
        <Text
          accessible={true}
          allowFontScaling={true}
          disabled={false}
          ellipsizeMode="tail"
          style={
            Object {
              "color": "#FFF",
              "textAlign": "center",
            }
          }
        >
          Gerar Relatório Final
        </Text>
      </TouchableOpacity>
      <ButtonWithActivityIndicator
        activityIndicatorStyle={
          Object {
            "marginBottom": 25,
            "marginTop": 15,
          }
        }
        buttonKey="FinishInspectionButton"
        buttonStyle={
          Object {
            "backgroundColor": "#FF9500",
            "borderRadius": 7,
            "borderWidth": 1,
            "justifyContent": "flex-end",
            "marginHorizontal": 15,
            "marginVertical": 13,
            "paddingVertical": 15,
          }
        }
        buttonText="Encerrar Fiscalização"
        isLoading={false}
        onPress={[Function]}
      />
    </View>
  </ScrollViewMock>
</View>
`;
