// Jest Snapshot v1, https://goo.gl/fbAQLP

exports[`Testing DocCheckout Screen renders as expected 1`] = `
<View
  style={
    Object {
      "backgroundColor": "white",
      "flex": 1,
    }
  }
>
  <Header
    backButton={true}
    backTo={[Function]}
    subTitle=""
    title="Listas de verificação"
  />
  <ScrollViewMock>
    <View>
      <View
        style={
          Object {
            "alignItems": "center",
            "flexDirection": "row",
            "justifyContent": "space-between",
            "paddingVertical": 20,
          }
        }
      >
        <TouchableOpacity
          activeOpacity={0.2}
          onPress={[Function]}
        >
          <Text
            accessible={true}
            allowFontScaling={true}
            disabled={false}
            ellipsizeMode="tail"
            style={
              Object {
                "color": "blue",
                "flex": 1,
                "fontSize": 20,
                "paddingLeft": 10,
                "width": 525,
              }
            }
          >
            Arredores da Escola
          </Text>
        </TouchableOpacity>
        <View>
          <CheckBox
            checked={null}
            checkedImage={1}
            label=" "
            labelBefore={false}
            labelLines={1}
            uncheckedImage={1}
            underlayColor="white"
          />
        </View>
      </View>
      <View
        style={
          Object {
            "alignItems": "center",
            "flexDirection": "row",
            "justifyContent": "space-between",
            "paddingVertical": 20,
          }
        }
      >
        <TouchableOpacity
          activeOpacity={0.2}
          onPress={[Function]}
        >
          <Text
            accessible={true}
            allowFontScaling={true}
            disabled={false}
            ellipsizeMode="tail"
            style={
              Object {
                "color": "blue",
                "flex": 1,
                "fontSize": 20,
                "paddingLeft": 10,
                "width": 525,
              }
            }
          >
            Estoque de Alimentos
          </Text>
        </TouchableOpacity>
        <View>
          <CheckBox
            checked={null}
            checkedImage={1}
            label=" "
            labelBefore={false}
            labelLines={1}
            uncheckedImage={1}
            underlayColor="white"
          />
        </View>
      </View>
      <View
        style={
          Object {
            "alignItems": "center",
            "flexDirection": "row",
            "justifyContent": "space-between",
            "paddingVertical": 20,
          }
        }
      >
        <TouchableOpacity
          activeOpacity={0.2}
          onPress={[Function]}
        >
          <Text
            accessible={true}
            allowFontScaling={true}
            disabled={false}
            ellipsizeMode="tail"
            style={
              Object {
                "color": "blue",
                "flex": 1,
                "fontSize": 20,
                "paddingLeft": 10,
                "width": 525,
              }
            }
          >
            Documentação
          </Text>
        </TouchableOpacity>
        <View>
          <CheckBox
            checked={null}
            checkedImage={1}
            label=" "
            labelBefore={false}
            labelLines={1}
            uncheckedImage={1}
            underlayColor="white"
          />
        </View>
      </View>
      <View
        style={
          Object {
            "alignItems": "center",
            "flexDirection": "row",
            "justifyContent": "space-between",
            "paddingVertical": 20,
          }
        }
      >
        <TouchableOpacity
          activeOpacity={0.2}
          onPress={[Function]}
        >
          <Text
            accessible={true}
            allowFontScaling={true}
            disabled={false}
            ellipsizeMode="tail"
            style={
              Object {
                "color": "blue",
                "flex": 1,
                "fontSize": 20,
                "paddingLeft": 10,
                "width": 525,
              }
            }
          >
            Qualidade da Alimentação
          </Text>
        </TouchableOpacity>
        <View>
          <CheckBox
            checked={null}
            checkedImage={1}
            label=" "
            labelBefore={false}
            labelLines={1}
            uncheckedImage={1}
            underlayColor="white"
          />
        </View>
      </View>
      <View
        style={
          Object {
            "alignItems": "center",
            "flexDirection": "row",
            "justifyContent": "space-between",
            "paddingVertical": 20,
          }
        }
      >
        <TouchableOpacity
          activeOpacity={0.2}
          onPress={[Function]}
        >
          <Text
            accessible={true}
            allowFontScaling={true}
            disabled={false}
            ellipsizeMode="tail"
            style={
              Object {
                "color": "blue",
                "flex": 1,
                "fontSize": 20,
                "paddingLeft": 10,
                "width": 525,
              }
            }
          >
            Manipuladores de Alimentos
          </Text>
        </TouchableOpacity>
        <View>
          <CheckBox
            checked={null}
            checkedImage={1}
            label=" "
            labelBefore={false}
            labelLines={1}
            uncheckedImage={1}
            underlayColor="white"
          />
        </View>
      </View>
      <View
        style={
          Object {
            "alignItems": "center",
            "flexDirection": "row",
            "justifyContent": "space-between",
            "paddingVertical": 20,
          }
        }
      >
        <TouchableOpacity
          activeOpacity={0.2}
          onPress={[Function]}
        >
          <Text
            accessible={true}
            allowFontScaling={true}
            disabled={false}
            ellipsizeMode="tail"
            style={
              Object {
                "color": "blue",
                "flex": 1,
                "fontSize": 20,
                "paddingLeft": 10,
                "width": 525,
              }
            }
          >
            Refeitório
          </Text>
        </TouchableOpacity>
        <View>
          <CheckBox
            checked={null}
            checkedImage={1}
            label=" "
            labelBefore={false}
            labelLines={1}
            uncheckedImage={1}
            underlayColor="white"
          />
        </View>
      </View>
      <View
        style={
          Object {
            "alignItems": "center",
            "flexDirection": "row",
            "justifyContent": "space-between",
            "paddingVertical": 20,
          }
        }
      >
        <TouchableOpacity
          activeOpacity={0.2}
          onPress={[Function]}
        >
          <Text
            accessible={true}
            allowFontScaling={true}
            disabled={false}
            ellipsizeMode="tail"
            style={
              Object {
                "color": "blue",
                "flex": 1,
                "fontSize": 20,
                "paddingLeft": 10,
                "width": 525,
              }
            }
          >
            Abastecimento de Água e Esgoto
          </Text>
        </TouchableOpacity>
        <View>
          <CheckBox
            checked={null}
            checkedImage={1}
            label=" "
            labelBefore={false}
            labelLines={1}
            uncheckedImage={1}
            underlayColor="white"
          />
        </View>
      </View>
      <View
        style={
          Object {
            "alignItems": "center",
            "flexDirection": "row",
            "justifyContent": "space-between",
            "paddingVertical": 20,
          }
        }
      >
        <TouchableOpacity
          activeOpacity={0.2}
          onPress={[Function]}
        >
          <Text
            accessible={true}
            allowFontScaling={true}
            disabled={false}
            ellipsizeMode="tail"
            style={
              Object {
                "color": "blue",
                "flex": 1,
                "fontSize": 20,
                "paddingLeft": 10,
                "width": 525,
              }
            }
          >
            Cozinha
          </Text>
        </TouchableOpacity>
        <View>
          <CheckBox
            checked={null}
            checkedImage={1}
            label=" "
            labelBefore={false}
            labelLines={1}
            uncheckedImage={1}
            underlayColor="white"
          />
        </View>
      </View>
      <View
        style={
          Object {
            "alignItems": "center",
            "flexDirection": "row",
            "justifyContent": "space-between",
            "paddingVertical": 20,
          }
        }
      >
        <TouchableOpacity
          activeOpacity={0.2}
          onPress={[Function]}
        >
          <Text
            accessible={true}
            allowFontScaling={true}
            disabled={false}
            ellipsizeMode="tail"
            style={
              Object {
                "color": "blue",
                "flex": 1,
                "fontSize": 20,
                "paddingLeft": 10,
                "width": 525,
              }
            }
          >
            Preparação e Distribuição de Alimentos
          </Text>
        </TouchableOpacity>
        <View>
          <CheckBox
            checked={null}
            checkedImage={1}
            label=" "
            labelBefore={false}
            labelLines={1}
            uncheckedImage={1}
            underlayColor="white"
          />
        </View>
      </View>
      <View
        style={
          Object {
            "alignItems": "center",
            "flexDirection": "row",
            "justifyContent": "space-between",
            "paddingVertical": 20,
          }
        }
      >
        <TouchableOpacity
          activeOpacity={0.2}
          onPress={[Function]}
        >
          <Text
            accessible={true}
            allowFontScaling={true}
            disabled={false}
            ellipsizeMode="tail"
            style={
              Object {
                "color": "blue",
                "flex": 1,
                "fontSize": 20,
                "paddingLeft": 10,
                "width": 525,
              }
            }
          >
            + Outras informações
          </Text>
        </TouchableOpacity>
        <View>
          <CheckBox
            checked={null}
            checkedImage={1}
            label=" "
            labelBefore={false}
            labelLines={1}
            uncheckedImage={1}
            underlayColor="white"
          />
        </View>
      </View>
      <TouchableOpacity
        activeOpacity={0.2}
        style={
          Object {
            "backgroundColor": "#FF9500",
            "borderRadius": 7,
            "borderWidth": 1,
            "justifyContent": "flex-end",
            "marginHorizontal": 15,
            "marginVertical": 13,
            "paddingVertical": 15,
          }
        }
      >
        <Text
          accessible={true}
          allowFontScaling={true}
          disabled={false}
          ellipsizeMode="tail"
          style={
            Object {
              "color": "#FFF",
              "textAlign": "center",
            }
          }
        >
          Anexar fotos
        </Text>
      </TouchableOpacity>
      <TouchableOpacity
        activeOpacity={0.2}
        style={
          Object {
            "backgroundColor": "#FF9500",
            "borderRadius": 7,
            "borderWidth": 1,
            "justifyContent": "flex-end",
            "marginHorizontal": 15,
            "marginVertical": 13,
            "paddingVertical": 15,
          }
        }
      >
        <Text
          accessible={true}
          allowFontScaling={true}
          disabled={false}
          ellipsizeMode="tail"
          style={
            Object {
              "color": "#FFF",
              "textAlign": "center",
            }
          }
        >
          Gerar Relatório Final
        </Text>
      </TouchableOpacity>
      <TouchableOpacity
        activeOpacity={0.2}
        onPress={[Function]}
        style={
          Object {
            "backgroundColor": "#FF9500",
            "borderRadius": 7,
            "borderWidth": 1,
            "justifyContent": "flex-end",
            "marginHorizontal": 15,
            "marginVertical": 13,
            "paddingVertical": 15,
          }
        }
      >
        <Text
          accessible={true}
          allowFontScaling={true}
          disabled={false}
          ellipsizeMode="tail"
          style={
            Object {
              "color": "#FFF",
              "textAlign": "center",
            }
          }
        >
          Encerrar Fiscalização
        </Text>
      </TouchableOpacity>
    </View>
  </ScrollViewMock>
</View>
`;
