// Jest Snapshot v1, https://goo.gl/fbAQLP

exports[`Testing ManagerRegistersScreen renders as expected 1`] = `
<View
  style={
    Object {
      "backgroundColor": "white",
      "flex": 1,
    }
  }
>
  <View>
    <Header
      backButton={true}
      subTitle=""
      title="Gerenciar Registro"
    />
  </View>
  <ScrollViewMock>
    <View
      style={
        Object {
          "backgroundColor": "#FAFAFA",
          "borderColor": "black",
          "borderRadius": 3,
          "borderWidth": 1,
          "flex": 1,
          "justifyContent": "space-between",
          "marginHorizontal": 15,
          "marginVertical": 10,
        }
      }
    >
      <View
        style={
          Object {
            "justifyContent": "flex-start",
            "paddingLeft": 2,
          }
        }
      >
        <Text
          accessible={true}
          allowFontScaling={true}
          disabled={false}
          ellipsizeMode="tail"
          style={
            Object {
              "fontSize": 15,
              "paddingVertical": 5,
            }
          }
        >
          <Text
            accessible={true}
            allowFontScaling={true}
            disabled={false}
            ellipsizeMode="tail"
            style={
              Object {
                "fontWeight": "bold",
              }
            }
          >
            Nome: 
          </Text>
        </Text>
        <Text
          accessible={true}
          allowFontScaling={true}
          disabled={false}
          ellipsizeMode="tail"
          style={
            Object {
              "fontSize": 15,
              "paddingVertical": 5,
            }
          }
        >
          <Text
            accessible={true}
            allowFontScaling={true}
            disabled={false}
            ellipsizeMode="tail"
            style={
              Object {
                "fontWeight": "bold",
              }
            }
          >
            CPF: 
          </Text>
        </Text>
        <Text
          accessible={true}
          allowFontScaling={true}
          disabled={false}
          ellipsizeMode="tail"
          style={
            Object {
              "fontSize": 15,
              "paddingVertical": 5,
            }
          }
        >
          <Text
            accessible={true}
            allowFontScaling={true}
            disabled={false}
            ellipsizeMode="tail"
            style={
              Object {
                "fontWeight": "bold",
              }
            }
          >
            Telefone: 
          </Text>
        </Text>
      </View>
      <View
        style={
          Object {
            "flexDirection": "row",
            "justifyContent": "center",
            "margin": 10,
          }
        }
      >
        <TouchableOpacity
          activeOpacity={0.2}
        >
          <View
            style={
              Object {
                "backgroundColor": "#4CD964",
                "borderRadius": 3,
                "marginRight": 20,
                "padding": 8,
              }
            }
          >
            <Text
              accessible={true}
              allowFontScaling={true}
              disabled={false}
              ellipsizeMode="tail"
            >
              VALIDAR
            </Text>
          </View>
        </TouchableOpacity>
        <TouchableOpacity
          activeOpacity={0.2}
        >
          <View
            style={
              Object {
                "backgroundColor": "#FF3B30",
                "borderRadius": 3,
                "marginRight": 10,
                "padding": 8,
              }
            }
          >
            <Text
              accessible={true}
              allowFontScaling={true}
              disabled={false}
              ellipsizeMode="tail"
            >
              EXCLUIR
            </Text>
          </View>
        </TouchableOpacity>
      </View>
    </View>
  </ScrollViewMock>
</View>
`;
