// Jest Snapshot v1, https://goo.gl/fbAQLP

exports[`Testing MeetingInvites renders meeting as expected 1`] = `
<View
  style={
    Object {
      "flex": 1,
    }
  }
>
  <Header
    backButton={false}
    onPress={[Function]}
    subTitle="Reunião"
    title="Notificações"
  />
  <PopupDialog
    actions={
      Array [
        <View
          style={
            Object {
              "alignItems": "center",
              "backgroundColor": "#F9F9FB",
              "borderBottomLeftRadius": 8,
              "borderBottomRightRadius": 8,
              "borderColor": "#DAD9DC",
              "borderTopWidth": 0.5,
              "flexDirection": "row",
              "justifyContent": "center",
            }
          }
        >
          <DialogButton
            align="center"
            buttonStyle={undefined}
            disabled={false}
            onPress={[Function]}
            text="OK"
          />
        </View>,
      ]
    }
    dialogTitle={
      <DialogTitle
        haveTitleBar={true}
        title="Informações sobre a reunião"
        titleAlign="center"
      />
    }
    height="60%"
    overlayPointerEvents="none"
    width="85%"
  >
    <ScrollViewMock>
      <View
        style={
          Object {
            "alignItems": "center",
            "backgroundColor": "#FAFAFA",
            "borderColor": "black",
            "borderRadius": 3,
            "borderWidth": 1,
            "flex": 1,
            "flexDirection": "row",
            "justifyContent": "space-between",
            "marginHorizontal": 15,
            "marginVertical": 10,
          }
        }
      >
        <View
          style={
            Object {
              "justifyContent": "flex-start",
              "marginTop": 5,
              "paddingLeft": 4,
            }
          }
        >
          <Text
            accessible={true}
            allowFontScaling={true}
            disabled={false}
            ellipsizeMode="tail"
            style={
              Object {
                "fontSize": 15,
                "paddingVertical": 2,
              }
            }
          >
            <Text
              accessible={true}
              allowFontScaling={true}
              disabled={false}
              ellipsizeMode="tail"
              style={
                Object {
                  "fontWeight": "bold",
                }
              }
            >
              Data:
               
            </Text>
          </Text>
          <Text
            accessible={true}
            allowFontScaling={true}
            disabled={false}
            ellipsizeMode="tail"
            style={
              Object {
                "fontSize": 15,
                "paddingVertical": 2,
              }
            }
          >
            <Text
              accessible={true}
              allowFontScaling={true}
              disabled={false}
              ellipsizeMode="tail"
              style={
                Object {
                  "fontWeight": "bold",
                }
              }
            >
              Horário:
               
            </Text>
          </Text>
          <Text
            accessible={true}
            allowFontScaling={true}
            disabled={false}
            ellipsizeMode="tail"
            style={
              Object {
                "fontSize": 15,
                "paddingVertical": 2,
              }
            }
          >
            <Text
              accessible={true}
              allowFontScaling={true}
              disabled={false}
              ellipsizeMode="tail"
              style={
                Object {
                  "fontWeight": "bold",
                }
              }
            >
              Descrição da reunião: 
            </Text>
          </Text>
          <Text
            accessible={true}
            allowFontScaling={true}
            disabled={false}
            ellipsizeMode="tail"
            style={
              Object {
                "fontSize": 15,
                "paddingVertical": 2,
              }
            }
          >
            <Text
              accessible={true}
              allowFontScaling={true}
              disabled={false}
              ellipsizeMode="tail"
              style={
                Object {
                  "fontWeight": "bold",
                }
              }
            >
              Número de convidados: 
            </Text>
            1
          </Text>
          <View>
            <Text
              accessible={true}
              allowFontScaling={true}
              disabled={false}
              ellipsizeMode="tail"
              style={
                Object {
                  "color": "#95a5a6",
                  "fontSize": 20,
                }
              }
            >
              Convidados:
            </Text>
          </View>
        </View>
      </View>
    </ScrollViewMock>
  </PopupDialog>
  <ScrollViewMock
    style={
      Object {
        "backgroundColor": "white",
        "flex": 1,
        "paddingTop": 6,
      }
    }
  >
    <ScheduleCard
      data={
        Array [
          Object {
            "label": "Data:",
            "value": "13-06-2019",
          },
          Object {
            "label": "Horário:",
            "value": "21:56",
          },
        ]
      }
    >
      <View
        style={
          Object {
            "flex": 3,
          }
        }
      >
        <Button
          enabled={true}
          key="+MeetingInfo"
          onPress={[Function]}
          style={
            Object {
              "design": Object {
                "backgroundColor": "white",
                "borderColor": "black",
                "borderRadius": 7,
                "borderWidth": 0.8,
                "justifyContent": "center",
                "marginBottom": 5,
                "marginRight": 15,
                "marginTop": 5,
                "padding": 8,
              },
              "text": Object {
                "fontSize": 12,
                "textAlign": "center",
              },
            }
          }
          text="+ INFORMAÇÕES"
        />
      </View>
    </ScheduleCard>
  </ScrollViewMock>
</View>
`;
