// Jest Snapshot v1, https://goo.gl/fbAQLP

exports[`Testing RegisterScreen renders as expected 1`] = `
<ScrollViewMock
  style={
    Object {
      "backgroundColor": "white",
      "flex": 1,
    }
  }
>
  <Header
    backButton={false}
    subTitle=""
    title="Merenda +"
  />
  <Text
    accessible={true}
    allowFontScaling={true}
    disabled={false}
    ellipsizeMode="tail"
    style={
      Object {
        "marginTop": 10,
      }
    }
  >
         CPF
  </Text>
  <View
    style={
      Object {
        "backgroundColor": "#FAFAFA",
        "borderColor": "gray",
        "borderRadius": 7,
        "borderWidth": 1,
        "flexDirection": "row",
        "marginBottom": 10,
        "marginHorizontal": 15,
        "padding": 10,
      }
    }
  >
    <Icon
      allowFontScaling={false}
      color="black"
      name="user-circle"
      size={32}
      style={
        Object {
          "marginRight": 10,
        }
      }
    />
    <TextInput
      keyboardType="numeric"
      maxLength={11}
      onChangeText={[Function]}
      placeholder="Digite o seu CPF"
      placeholderTextColor="#95a5a6"
      returnKeyLabel="next"
      underlineColorAndroid="transparent"
      value=""
      width={280}
    />
  </View>
  <Text
    accessible={true}
    allowFontScaling={true}
    disabled={false}
    ellipsizeMode="tail"
  >
         Nome
  </Text>
  <View
    style={
      Object {
        "backgroundColor": "#FAFAFA",
        "borderColor": "gray",
        "borderRadius": 7,
        "borderWidth": 1,
        "flexDirection": "row",
        "marginBottom": 10,
        "marginHorizontal": 15,
        "padding": 10,
      }
    }
  >
    <Icon
      allowFontScaling={false}
      color="black"
      name="face"
      size={32}
      style={
        Object {
          "marginRight": 10,
        }
      }
    />
    <TextInput
      keyboardType="default"
      maxLength={60}
      onChangeText={[Function]}
      placeholder="Digite o seu nome completo"
      placeholderTextColor="#95a5a6"
      returnKeyLabel="next"
      underlineColorAndroid="transparent"
      value=""
      width={280}
    />
  </View>
  <Text
    accessible={true}
    allowFontScaling={true}
    disabled={false}
    ellipsizeMode="tail"
  >
         Email
  </Text>
  <View
    style={
      Object {
        "backgroundColor": "#FAFAFA",
        "borderColor": "gray",
        "borderRadius": 7,
        "borderWidth": 1,
        "flexDirection": "row",
        "marginBottom": 10,
        "marginHorizontal": 15,
        "padding": 10,
      }
    }
  >
    <Icon
      allowFontScaling={false}
      color="black"
      name="email"
      size={32}
      style={
        Object {
          "marginRight": 10,
        }
      }
    />
    <TextInput
      keyboardType="email-address"
      maxLength={50}
      onChangeText={[Function]}
      placeholder="Digite o seu email"
      placeholderTextColor="#95a5a6"
      returnKeyLabel="next"
      underlineColorAndroid="transparent"
      value=""
      width={280}
    />
  </View>
  <Text
    accessible={true}
    allowFontScaling={true}
    disabled={false}
    ellipsizeMode="tail"
  >
         Telefone
  </Text>
  <View
    style={
      Object {
        "backgroundColor": "#FAFAFA",
        "borderColor": "gray",
        "borderRadius": 7,
        "borderWidth": 1,
        "flexDirection": "row",
        "marginBottom": 10,
        "marginHorizontal": 15,
        "padding": 10,
      }
    }
  >
    <Icon
      allowFontScaling={false}
      color="black"
      name="phone"
      size={32}
      style={
        Object {
          "marginRight": 10,
        }
      }
    />
    <TextInput
      keyboardType="phone-pad"
      maxLength={11}
      onChangeText={[Function]}
      placeholder="Digite o seu telefone"
      placeholderTextColor="#95a5a6"
      returnKeyLabel="next"
      underlineColorAndroid="transparent"
      value=""
      width={280}
    />
  </View>
  <Text
    accessible={true}
    allowFontScaling={true}
    disabled={false}
    ellipsizeMode="tail"
  >
         Cargo
  </Text>
  <View
    style={
      Object {
        "borderColor": "gray",
        "borderRadius": 7,
        "borderWidth": 1,
        "marginBottom": 10,
        "marginHorizontal": 15,
      }
    }
  >
    <Picker
      mode="dialog"
      onValueChange={[Function]}
      selectedValue=""
    >
      <PickerItem
        color="#95a5a6"
        label="Escolha seu cargo"
        value=""
      />
      <PickerItem
        label="Presidente"
        value={true}
      />
      <PickerItem
        label="Conselheiro"
        value={false}
      />
    </Picker>
  </View>
  <Text
    accessible={true}
    allowFontScaling={true}
    disabled={false}
    ellipsizeMode="tail"
  >
         Tipo de Conselheiro
  </Text>
  <View
    style={
      Object {
        "borderColor": "gray",
        "borderRadius": 7,
        "borderWidth": 1,
        "marginBottom": 10,
        "marginHorizontal": 15,
      }
    }
  >
    <Picker
      mode="dialog"
      onValueChange={[Function]}
      selectedValue=""
    >
      <PickerItem
        color="#95a5a6"
        label="Escolha seu cargo"
        value=""
      />
      <PickerItem
        label="Titular"
        value="Titular"
      />
      <PickerItem
        label="Suplente"
        value="Suplente"
      />
    </Picker>
  </View>
  <Text
    accessible={true}
    allowFontScaling={true}
    disabled={false}
    ellipsizeMode="tail"
  >
         Segmento
  </Text>
  <View
    style={
      Object {
        "borderColor": "gray",
        "borderRadius": 7,
        "borderWidth": 1,
        "marginBottom": 10,
        "marginHorizontal": 15,
      }
    }
  >
    <Picker
      mode="dialog"
      onValueChange={[Function]}
      selectedValue=""
    >
      <PickerItem
        color="#95a5a6"
        label="Escolha seu segmento"
        value=""
      />
      <PickerItem
        label="Poder executivo"
        value="Poder executivo"
      />
      <PickerItem
        label="Trabalhadores da educação"
        value="Trabalhadores da educação"
      />
      <PickerItem
        label="Pais de alunos"
        value="Pais de alunos"
      />
      <PickerItem
        label="Entidades civis"
        value="Entidades civis"
      />
    </Picker>
  </View>
  <Text
    accessible={true}
    allowFontScaling={true}
    disabled={false}
    ellipsizeMode="tail"
  >
         Tipo do CAE
  </Text>
  <View
    style={
      Object {
        "borderColor": "gray",
        "borderRadius": 7,
        "borderWidth": 1,
        "marginBottom": 10,
        "marginHorizontal": 15,
      }
    }
  >
    <Picker
      mode="dialog"
      onValueChange={[Function]}
      selectedValue=""
    >
      <PickerItem
        color="#95a5a6"
        label="Escolha o Tipo do seu CAE"
        value=""
      />
      <PickerItem
        label="Municipal"
        value="Municipal"
      />
      <PickerItem
        label="Estadual"
        value="Estadual"
      />
    </Picker>
  </View>
  <Text
    accessible={true}
    allowFontScaling={true}
    disabled={false}
    ellipsizeMode="tail"
  >
         CAE
  </Text>
  <View
    style={
      Object {
        "backgroundColor": "#FAFAFA",
        "borderColor": "gray",
        "borderRadius": 7,
        "borderWidth": 1,
        "flexDirection": "row",
        "marginBottom": 10,
        "marginHorizontal": 15,
        "padding": 10,
      }
    }
  >
    <Icon
      allowFontScaling={false}
      color="black"
      name="location-city"
      size={32}
      style={
        Object {
          "marginRight": 10,
        }
      }
    />
    <TextInput
      keyboardType="default"
      maxLength={40}
      onChangeText={[Function]}
      placeholder="Lista com o CAE do seu município/estado"
      placeholderTextColor="#95a5a6"
      returnKeyLabel="next"
      underlineColorAndroid="transparent"
      value=""
      width={280}
    />
  </View>
  <TouchableOpacity
    activeOpacity={0.7}
    key="userCreation"
    onPress={[Function]}
    style={
      Object {
        "backgroundColor": "#FF9500",
        "borderRadius": 7,
        "borderWidth": 1,
        "marginBottom": 20,
        "marginHorizontal": 15,
        "marginTop": 20,
        "paddingVertical": 10,
      }
    }
  >
    <Text
      accessible={true}
      allowFontScaling={true}
      disabled={false}
      ellipsizeMode="tail"
      style={
        Object {
          "color": "#FFF",
          "textAlign": "center",
        }
      }
    >
      Concluir
    </Text>
  </TouchableOpacity>
  <View
    style={
      Object {
        "alignItems": "center",
        "borderTopColor": "#a9a9a9",
        "borderTopWidth": 1,
        "flex": 0.7,
        "justifyContent": "center",
        "padding": 10,
      }
    }
  >
    <TouchableOpacity
      activeOpacity={0.6}
      onPress={[Function]}
    >
      <Text
        accessible={true}
        allowFontScaling={true}
        disabled={false}
        ellipsizeMode="tail"
      >
        Já tem um cadastro?
        <Text
          accessible={true}
          allowFontScaling={true}
          disabled={false}
          ellipsizeMode="tail"
          style={
            Object {
              "color": "blue",
            }
          }
        >
           Entrar
        </Text>
      </Text>
    </TouchableOpacity>
  </View>
</ScrollViewMock>
`;
