// Jest Snapshot v1, https://goo.gl/fbAQLP

exports[`Testing ReportObservation Screen renders as expected 1`] = `
<ScrollViewMock
  style={
    Object {
      "backgroundColor": "white",
      "flex": 6,
      "flexDirection": "column",
      "marginBottom": 9,
    }
  }
>
  <Header
    backButton={true}
    subTitle="Observações adicionais"
    title="Relatório"
  />
  <View
    behavior="padding"
  >
    <View
      style={
        Object {
          "paddingLeft": 10,
          "paddingRight": 10,
          "paddingTop": 30,
        }
      }
    >
      <TextInput
        multiline={true}
        onChangeText={[Function]}
        placeholder="Observações gerais que gostaria de adicionar ?(opcional)"
        style={
          Object {
            "borderRadius": 12,
            "borderWidth": 1,
            "fontSize": 37.5,
            "height": 333.5,
            "paddingLeft": 10,
            "textAlignVertical": "top",
          }
        }
        underlineColorAndroid="transparent"
      />
    </View>
  </View>
  <TouchableOpacity
    activeOpacity={0.2}
    key="setObservation"
    onPress={[Function]}
    style={
      Object {
        "backgroundColor": "#FF9500",
        "borderRadius": 7,
        "borderWidth": 1,
        "justifyContent": "flex-end",
        "marginBottom": 20,
        "marginHorizontal": 15,
        "marginTop": 30,
        "paddingVertical": 10,
      }
    }
  >
    <Text
      accessible={true}
      allowFontScaling={true}
      disabled={false}
      ellipsizeMode="tail"
      style={
        Object {
          "color": "#FFF",
          "textAlign": "center",
        }
      }
    >
      Concluir
    </Text>
  </TouchableOpacity>
</ScrollViewMock>
`;
