// Jest Snapshot v1, https://goo.gl/fbAQLP

exports[`Testing SchoolInfoScreen renders as expected 1`] = `
<View
  style={
    Object {
      "backgroundColor": "white",
      "flex": 1,
    }
  }
>
  <Header
    backButton={false}
    onPress={[Function]}
    subTitle="ESCOLHA O LOCAL"
    title="AGENDAR REUNIÃO"
  />
  <PopupDialog
    dialogTitle={
      <DialogTitle
        haveTitleBar={true}
        title="Escolhendo local para Reunião"
        titleAlign="center"
      />
    }
    height="30%"
    overlayPointerEvents="none"
    width="85%"
  >
    <Text
      accessible={true}
      allowFontScaling={true}
      disabled={false}
      ellipsizeMode="tail"
      style={
        Object {
          "fontSize": 15,
          "paddingVertical": 3,
        }
      }
    >
       Para escolher o local da Reunião, segure e arraste o marcador até o local desejado. Ele começará em sua posição atual. É possível dar ou retirar zoom conforme o desejado.
    </Text>
    <View
      style={
        Object {
          "alignItems": "center",
          "backgroundColor": "#F9F9FB",
          "borderBottomLeftRadius": 8,
          "borderBottomRightRadius": 8,
          "borderColor": "#DAD9DC",
          "borderTopWidth": 0.5,
          "flexDirection": "row",
          "justifyContent": "center",
        }
      }
    >
      <DialogButton
        align="center"
        buttonStyle={
          Object {
            "marginVertical": -16,
          }
        }
        disabled={false}
        key="dialogButton1"
        onPress={[Function]}
        text="Ok"
      />
    </View>
  </PopupDialog>
  <MapView
    key="mapChanging"
    onRegionChange={[Function]}
    provider="google"
    region={
      Object {
        "latitude": 0,
        "latitudeDelta": 0.0922,
        "longitude": 0,
        "longitudeDelta": 0.0421,
      }
    }
    style={
      Object {
        "flex": 1,
      }
    }
  >
    <MapMarker
      coordinate={
        Object {
          "latitude": 0,
          "longitude": 0,
        }
      }
      draggable={true}
      onDragEnd={[Function]}
      onPress={[Function]}
      pinColor="orange"
    />
  </MapView>
  <TouchableOpacity
    activeOpacity={0.2}
    key="setMeetingLocationButton"
    onPress={[Function]}
    style={
      Object {
        "backgroundColor": "#FF9500",
        "borderRadius": 7,
        "borderWidth": 3,
        "justifyContent": "flex-end",
        "marginBottom": 1,
        "paddingVertical": 15,
      }
    }
  >
    <Text
      accessible={true}
      allowFontScaling={true}
      disabled={false}
      ellipsizeMode="tail"
      style={
        Object {
          "color": "#FFF",
          "textAlign": "center",
        }
      }
    >
      Definir Local da Reunião
    </Text>
  </TouchableOpacity>
</View>
`;
