// Jest Snapshot v1, https://goo.gl/fbAQLP

exports[`Testing SchoolInfoScreen renders as expected 1`] = `
<View
  style={
    Object {
      "backgroundColor": "white",
      "flex": 1,
    }
  }
>
  <Header
    backButton={false}
    onPress={[Function]}
    subTitle=""
    title="Informações da Escola"
  />
  <ScrollViewMock>
    <Text
      accessible={true}
      allowFontScaling={true}
      disabled={false}
      ellipsizeMode="tail"
      style={
        Object {
          "color": "#95a5a6",
          "fontSize": 20,
          "paddingBottom": 5,
          "paddingLeft": 10,
          "paddingTop": 10,
        }
      }
    >
      Infomações
    </Text>
    <View
      style={
        Object {
          "borderColor": "black",
          "borderRadius": 7,
          "borderWidth": 1,
          "flex": 4,
          "marginHorizontal": 10,
          "padding": 10,
          "width": 340,
        }
      }
    >
      <Text
        accessible={true}
        allowFontScaling={true}
        disabled={false}
        ellipsizeMode="tail"
        style={
          Object {
            "color": "#95a5a6",
            "fontSize": 20,
            "paddingVertical": 2,
          }
        }
      >
        Nome:
      </Text>
      <Text
        accessible={true}
        allowFontScaling={true}
        disabled={false}
        ellipsizeMode="tail"
        style={
          Object {
            "fontSize": 19,
          }
        }
      >
        Teste
      </Text>
      <Text
        accessible={true}
        allowFontScaling={true}
        disabled={false}
        ellipsizeMode="tail"
        style={
          Object {
            "color": "#95a5a6",
            "fontSize": 20,
            "paddingVertical": 2,
          }
        }
      >
        Email:
      </Text>
      <Text
        accessible={true}
        allowFontScaling={true}
        disabled={false}
        ellipsizeMode="tail"
        style={
          Object {
            "fontSize": 19,
          }
        }
      >
        teste@teste.com
      </Text>
      <Text
        accessible={true}
        allowFontScaling={true}
        disabled={false}
        ellipsizeMode="tail"
        style={
          Object {
            "color": "#95a5a6",
            "fontSize": 20,
            "paddingVertical": 2,
          }
        }
      >
        Telefone:
      </Text>
      <Text
        accessible={true}
        allowFontScaling={true}
        disabled={false}
        ellipsizeMode="tail"
        style={
          Object {
            "fontSize": 19,
          }
        }
      >
        11111111111
      </Text>
      <Text
        accessible={true}
        allowFontScaling={true}
        disabled={false}
        ellipsizeMode="tail"
        style={
          Object {
            "color": "#95a5a6",
            "fontSize": 20,
            "paddingVertical": 2,
          }
        }
      >
        Quantidade de Alunos:
      </Text>
      <Text
        accessible={true}
        allowFontScaling={true}
        disabled={false}
        ellipsizeMode="tail"
        style={
          Object {
            "fontSize": 19,
          }
        }
      >
        1000
      </Text>
      <Text
        accessible={true}
        allowFontScaling={true}
        disabled={false}
        ellipsizeMode="tail"
        style={
          Object {
            "color": "#95a5a6",
            "fontSize": 20,
            "paddingVertical": 2,
          }
        }
      >
        Localização:
      </Text>
      <View
        key="renderButton"
      >
        <TouchableOpacity
          activeOpacity={0.7}
          onPress={[Function]}
          style={
            Object {
              "backgroundColor": "#FF9500",
              "borderRadius": 8,
              "borderWidth": 1,
              "justifyContent": "flex-end",
              "marginBottom": 15,
              "marginHorizontal": 15,
              "marginTop": 10,
              "paddingVertical": 16,
            }
          }
        >
          <Text
            accessible={true}
            allowFontScaling={true}
            disabled={false}
            ellipsizeMode="tail"
            style={
              Object {
                "color": "#FFF",
                "textAlign": "center",
              }
            }
          >
            Ver no Mapa
          </Text>
        </TouchableOpacity>
      </View>
    </View>
  </ScrollViewMock>
  <TouchableOpacity
    activeOpacity={0.7}
    style={
      Object {
        "backgroundColor": "#FF9500",
        "borderRadius": 8,
        "borderWidth": 1,
        "justifyContent": "flex-end",
        "marginBottom": 15,
        "marginHorizontal": 15,
        "marginTop": 10,
        "paddingVertical": 16,
      }
    }
  >
    <Text
      accessible={true}
      allowFontScaling={true}
      disabled={false}
      ellipsizeMode="tail"
      style={
        Object {
          "color": "#FFF",
          "textAlign": "center",
        }
      }
    >
      Acessar Visitas
    </Text>
  </TouchableOpacity>
</View>
`;
