// Jest Snapshot v1, https://goo.gl/fbAQLP

exports[`Testing SchoolInfoScreen renders as expected 1`] = `
<ScrollViewMock
  style={
    Object {
      "backgroundColor": "white",
      "flex": 1,
    }
  }
>
  <Header
    backButton={true}
    subTitle=""
    title="Pesquisar Escola"
  />
  <View
    style={
      Object {
        "alignItems": "center",
        "flex": 10,
      }
    }
  >
    <View
      style={
        Object {
          "flex": 3,
        }
      }
    >
      <View
        style={
          Object {
            "borderColor": "gray",
            "borderRadius": 7,
            "borderWidth": 1,
            "marginTop": 15,
            "paddingLeft": 2,
          }
        }
      >
        <Picker
          mode="dialog"
          onValueChange={[Function]}
          selectedValue=""
        >
          <PickerItem
            color="#95a5a6"
            label="Escolha a sua UF "
            value=""
          />
          <PickerItem
            color="#000000"
            label="AC - Acre"
            value="AC - Acre"
          />
          <PickerItem
            color="#000000"
            label="AL - Alagoas"
            value="AL - Alagoas"
          />
          <PickerItem
            color="#000000"
            label="AP - Amapá"
            value="AP - Amapá"
          />
          <PickerItem
            color="#000000"
            label="AM - Amazonas"
            value="AM - Amazonas"
          />
          <PickerItem
            color="#000000"
            label="BA - Bahia"
            value="BA - Bahia"
          />
          <PickerItem
            color="#000000"
            label="CE - Ceará"
            value="CE - Ceará"
          />
          <PickerItem
            color="#000000"
            label="DF - Distrito Federal"
            value="DF - Distrito Federal"
          />
          <PickerItem
            color="#000000"
            label="ES - Espírito Santo"
            value="ES - Espírito Santo"
          />
          <PickerItem
            color="#000000"
            label="GO - Goiás"
            value="GO - Goiás"
          />
          <PickerItem
            color="#000000"
            label="MA - Maranhão"
            value="MA - Maranhão"
          />
          <PickerItem
            color="#000000"
            label="MT - Mato Grosso"
            value="MT - Mato Grosso"
          />
          <PickerItem
            color="#000000"
            label="MS - Mato Grosso do Sul"
            value="MS - Mato Grosso do Sul"
          />
          <PickerItem
            color="#000000"
            label="MG - Minas Gerais"
            value="MG - Minas Gerais"
          />
          <PickerItem
            color="#000000"
            label="PA - Pará"
            value="PA - Pará"
          />
          <PickerItem
            color="#000000"
            label="PB - Paraíba"
            value="PB - Paraíba"
          />
          <PickerItem
            color="#000000"
            label="PR - Paraná"
            value="PR - Paraná"
          />
          <PickerItem
            color="#000000"
            label="PE - Pernambuco"
            value="PE - Pernambuco"
          />
          <PickerItem
            color="#000000"
            label="PI - Piauí"
            value="PI - Piauí"
          />
          <PickerItem
            color="#000000"
            label="RJ - Rio de Janeiro"
            value="RJ - Rio de Janeiro"
          />
          <PickerItem
            color="#000000"
            label="RN - Rio Grande do Norte"
            value="RN - Rio Grande do Norte"
          />
          <PickerItem
            color="#000000"
            label="RS - Rio Grande do Sul"
            value="RS - Rio Grande do Sul"
          />
          <PickerItem
            color="#000000"
            label="RO - Rondônia"
            value="RO - Rondônia"
          />
          <PickerItem
            color="#000000"
            label="RR - Roraima"
            value="RR - Roraima"
          />
          <PickerItem
            color="#000000"
            label="SC - Santa Catarina"
            value="SC - Santa Catarina"
          />
          <PickerItem
            color="#000000"
            label="SP - São Paulo"
            value="SP - São Paulo"
          />
          <PickerItem
            color="#000000"
            label="SE - Sergipe"
            value="SE - Sergipe"
          />
          <PickerItem
            color="#000000"
            label="TO - Tocantins"
            value="TO - Tocantins"
          />
        </Picker>
      </View>
      <View
        style={
          Object {
            "alignItems": "center",
            "backgroundColor": "#FAFAFA",
            "borderColor": "gray",
            "borderRadius": 7,
            "borderWidth": 1,
            "flexDirection": "row",
            "justifyContent": "center",
            "marginTop": 20,
            "paddingLeft": 2,
          }
        }
      >
        <Icon
          allowFontScaling={false}
          color="black"
          name="search"
          size={30}
          style={
            Object {
              "margin": 8,
            }
          }
        />
        <TextInput
          keyboardType="default"
          maxLength={50}
          onChangeText={[Function]}
          placeholder="Escola a pesquisar"
          returnKeyType="go"
          underlineColorAndroid="transparent"
          value=""
          width={280}
        />
      </View>
    </View>
    <View
      style={
        Object {
          "borderColor": "black",
          "borderRadius": 7,
          "borderWidth": 1,
          "flex": 2.5,
          "justifyContent": "center",
          "marginTop": 60,
          "width": 320,
        }
      }
    >
      <FlatList
        data={Array []}
        disableVirtualization={false}
        horizontal={false}
        initialNumToRender={10}
        keyExtractor={[Function]}
        maxToRenderPerBatch={10}
        numColumns={1}
        onEndReachedThreshold={2}
        renderItem={[Function]}
        scrollEventThrottle={50}
        updateCellsBatchingPeriod={50}
        windowSize={21}
      />
    </View>
    <View
      key="renderButton"
      style={
        Object {
          "flex": 1,
          "justifyContent": "flex-end",
          "paddingBottom": 20,
        }
      }
    >
      <TouchableOpacity
        activeOpacity={0.2}
        disabled={true}
        style={
          Object {
            "backgroundColor": "#DEDEDE",
            "borderRadius": 8,
            "borderWidth": 1,
            "marginBottom": 0,
            "marginTop": 50,
            "paddingHorizontal": 117,
            "paddingVertical": 15,
          }
        }
      >
        <Text
          accessible={true}
          allowFontScaling={true}
          disabled={false}
          ellipsizeMode="tail"
          style={
            Object {
              "color": "white",
              "fontSize": 20,
            }
          }
        >
          Pesquisar
        </Text>
      </TouchableOpacity>
    </View>
  </View>
</ScrollViewMock>
`;
